
[1m[46m RUN [49m[22m [36mv4.0.18 [39m[90mC:/Users/shiyo/髢狗匱荳ｭAPP/RePaper Route[39m

node.exe : Warning: A
n update to AuthProvi
der inside a test was
 not wrapped in act(.
..).
発生場所 行:1 文字:1
+ & "C:\Program Files
\nodejs/node.exe" "C:
\Program Files\nodejs
/node_mo ...
+ ~~~~~~~~~~~~~~~~~~~
~~~~~~~~~~~~~~~~~~~~~
~~~~~~~~~~~~~~~~~~~~~
~~~~~~~~
    + CategoryInfo   
           : NotSpe  
  cified: (Warning   
 : An upd...ed in    
 act(...).:Strin    g
) [], RemoteExc    ep
tion
    + FullyQualified 
   ErrorId : Native  
  CommandError
 

When testing, code th
at causes React state
 updates should be wr
apped into act(...):

act(() => {
  /* fire events that
 update state */
});
/* assert on the outp
ut */

This ensures that you
're testing the behav
ior the user would se
e in the browser. Lea
rn more at https://re
actjs.org/link/wrap-t
ests-with-act
    at AuthProvider (
C:/Users/shiyo/髢狗匱荳ｭA
PP/RePaper Route/src/
contexts/AuthProvider
.tsx:17:25)
Warning: An update to
 AuthProvider inside 
a test was not wrappe
d in act(...).

When testing, code th
at causes React state
 updates should be wr
apped into act(...):

act(() => {
  /* fire events that
 update state */
});
/* assert on the outp
ut */

This ensures that you
're testing the behav
ior the user would se
e in the browser. Lea
rn more at https://re
actjs.org/link/wrap-t
ests-with-act
    at AuthProvider (
C:/Users/shiyo/髢狗匱荳ｭA
PP/RePaper Route/src/
contexts/AuthProvider
.tsx:17:25)
Warning: An update to
 AuthProvider inside 
a test was not wrappe
d in act(...).

When testing, code th
at causes React state
 updates should be wr
apped into act(...):

act(() => {
  /* fire events that
 update state */
});
/* assert on the outp
ut */

This ensures that you
're testing the behav
ior the user would se
e in the browser. Lea
rn more at https://re
actjs.org/link/wrap-t
ests-with-act
    at AuthProvider (
C:/Users/shiyo/髢狗匱荳ｭA
PP/RePaper Route/src/
contexts/AuthProvider
.tsx:17:25)
Warning: An update to
 AuthProvider inside 
a test was not wrappe
d in act(...).

When testing, code th
at causes React state
 updates should be wr
apped into act(...):

act(() => {
  /* fire events that
 update state */
});
/* assert on the outp
ut */

This ensures that you
're testing the behav
ior the user would se
e in the browser. Lea
rn more at https://re
actjs.org/link/wrap-t
ests-with-act
    at AuthProvider (
C:/Users/shiyo/髢狗匱荳ｭA
PP/RePaper Route/src/
contexts/AuthProvider
.tsx:17:25)
 [31mﾃ・[39m src/features/board/BoardCanvas.test.tsx[2m > [22mBoardCanvas SADA Test[2m > [22m繧ｵ繧､繝峨ヰ繝ｼ縺ｮ髢矩哩縺ｫ莨ｴ縺・そ繝槭Φ繝・ぅ繝・け蟾ｮ蛻・ｒ謚ｽ蜃ｺ縺励、I讀懆ｨｼ逕ｨ縺ｮ繝・・繧ｿ繧堤函謌舌☆繧・[32m 93[2mms[22m[39m
[31m   竊・Unable to find an element with the title: 譛ｪ驟崎ｻ翫Μ繧ｹ繝・

Ignored nodes: comments, script, style
[36m<body>[31m
  [36m<div>[31m
    [36m<div[31m
      [33mclass[31m=[32m"h-full flex flex-col items-center justify-center bg-slate-900 gap-4"[31m
    [36m>[31m
      [36m<svg[31m
        [33mclass[31m=[32m"lucide lucide-refresh-ccw animate-spin text-blue-500"[31m
        [33mfill[31m=[32m"none"[31m
        [33mheight[31m=[32m"48"[31m
        [33mstroke[31m=[32m"currentColor"[31m
        [33mstroke-linecap[31m=[32m"round"[31m
        [33mstroke-linejoin[31m=[32m"round"[31m
        [33mstroke-width[31m=[32m"2"[31m
        [33mviewBox[31m=[32m"0 0 24 24"[31m
        [33mwidth[31m=[32m"48"[31m
        [33mxmlns[31m=[32m"http://www.w3.org/2000/svg"[31m
      [36m>[31m
        [36m<path[31m
          [33md[31m=[32m"M21 12a9 9 0 0 0-9-9 9.75 9.75 0 0 0-6.74 2.74L3 8"[31m
        [36m/>[31m
        [36m<path[31m
          [33md[31m=[32m"M3 3v5h5"[31m
        [36m/>[31m
        [36m<path[31m
          [33md[31m=[32m"M3 12a9 9 0 0 0 9 9 9.75 9.75 0 0 0 6.74-2.74L21 16"[31m
        [36m/>[31m
        [36m<path[31m
          [33md[31m=[32m"M16 16h5v5"[31m
        [36m/>[31m
      [36m</svg>[31m
      [36m<p[31m
        [33mclass[31m=[32m"text-slate-400 font-mono text-xs uppercase tracking-widest animate-pulse"[31m
      [36m>[31m
        [0m隱崎ｨｼ荳ｭ...[0m
      [36m</p>[31m
    [36m</div>[31m
  [36m</div>[31m
[36m</body>[31m[39m
 [31mﾃ・[39m src/features/board/BoardCanvas.test.tsx[2m > [22mBoardCanvas SADA Test[2m > [22m隱ｭ縺ｿ蜿悶ｊ蟆ら畑繝｢繝ｼ繝会ｼ・ditMode: false・峨〒繧ゅそ繝ｫ繧ｯ繝ｪ繝・け縺ｧ繧ｵ繧､繝峨ヰ繝ｼ縺碁幕縺上％縺ｨ繧堤｢ｺ隱阪☆繧・[32m 4[2mms[22m[39m
[31m   竊・expected 0 to be greater than 0[39m

[31m竡ｯ竡ｯ竡ｯ竡ｯ竡ｯ竡ｯ竡ｯ[
39m[1m[41m Failed T
ests 2 [49m[22m[31
m竡ｯ竡ｯ竡ｯ竡ｯ竡ｯ竡ｯ竡ｯ[39m

[41m[1m FAIL [22m
[49m src/features/boa
rd/BoardCanvas.test.t
sx[2m > [22mBoardCa
nvas SADA Test[2m > 
[22m繧ｵ繧､繝峨ヰ繝ｼ縺ｮ髢矩哩縺ｫ
莨ｴ縺・そ繝槭Φ繝・ぅ繝・け蟾ｮ蛻・ｒ謚ｽ
蜃ｺ縺励、I讀懆ｨｼ逕ｨ縺ｮ繝・・繧ｿ繧
堤函謌舌☆繧・[31m[1mTesti
ngLibraryElementError
[22m: Unable to find
 an element with the 
title: 譛ｪ驟崎ｻ翫Μ繧ｹ繝・

Ignored nodes: commen
ts, script, style
[36m<body>[31m
  [36m<div>[31m
    [36m<div[31m
      [33mclass[31m
=[32m"h-full flex fl
ex-col items-center j
ustify-center bg-slat
e-900 gap-4"[31m
    [36m>[31m
      [36m<svg[31m
        [33mclass[3
1m=[32m"lucide lucid
e-refresh-ccw animate
-spin text-blue-500"
[31m
        [33mfill[31
m=[32m"none"[31m
        [33mheight[
31m=[32m"48"[31m
        [33mstroke[
31m=[32m"currentColo
r"[31m
        [33mstroke-l
inecap[31m=[32m"rou
nd"[31m
        [33mstroke-l
inejoin[31m=[32m"ro
und"[31m
        [33mstroke-w
idth[31m=[32m"2"[3
1m
        [33mviewBox
[31m=[32m"0 0 24 24"
[31m
        [33mwidth[3
1m=[32m"48"[31m
        [33mxmlns[3
1m=[32m"http://www.w
3.org/2000/svg"[31m
      [36m>[31m
        [36m<path[3
1m
          [33md[31m
=[32m"M21 12a9 9 0 0
 0-9-9 9.75 9.75 0 0 
0-6.74 2.74L3 8"[31m
        [36m/>[31m
        [36m<path[3
1m
          [33md[31m
=[32m"M3 3v5h5"[31m
        [36m/>[31m
        [36m<path[3
1m
          [33md[31m
=[32m"M3 12a9 9 0 0 
0 9 9 9.75 9.75 0 0 0
 6.74-2.74L21 16"[31
m
        [36m/>[31m
        [36m<path[3
1m
          [33md[31m
=[32m"M16 16h5v5"[3
1m
        [36m/>[31m
      [36m</svg>[31
m
      [36m<p[31m
        [33mclass[3
1m=[32m"text-slate-4
00 font-mono text-xs 
uppercase tracking-wi
dest animate-pulse"[
31m
      [36m>[31m
        [0m隱崎ｨｼ荳ｭ...
[0m
      [36m</p>[31m
    [36m</div>[31m

[2m Test Files [22m [1m[31m1 failed[39m[22m[90m (1)[39m
[2m      Tests [22m [1m[31m2 failed[39m[22m[90m (2)[39m
[2m   Start at [22m 19:32:50
[2m   Duration [22m 1.14s[2m (transform 175ms, setup 86ms, import 274ms, tests 98ms, environment 532ms)[22m

  [36m</div>[31m
[36m</body>[31m[39
m
[90m [2m笶ｯ[22m Obj
ect.getElementError n
ode_modules/@testing-
library/dom/dist/conf
ig.js:[2m37:19[22m
[39m
[90m [2m笶ｯ[22m nod
e_modules/@testing-li
brary/dom/dist/query-
helpers.js:[2m76:38
[22m[39m
[90m [2m笶ｯ[22m nod
e_modules/@testing-li
brary/dom/dist/query-
helpers.js:[2m52:17
[22m[39m
[90m [2m笶ｯ[22m nod
e_modules/@testing-li
brary/dom/dist/query-
helpers.js:[2m95:19
[22m[39m
[36m [2m笶ｯ[22m src
/features/board/Board
Canvas.test.tsx:[2m6
2:32[22m[39m
    [90m 60| [39m
    [90m 61| [39m  
      [90m// 2. 繧ｵ繧､
繝峨ヰ繝ｼ繧帝幕縺上い繧ｯ繧ｷ繝ｧ繝ｳ[
39m
    [90m 62| [39m  
      [35mconst[39m
 openBtn [33m=[39m 
screen[33m.[39m[34
mgetByTitle[39m([32
m'譛ｪ驟崎ｻ翫Μ繧ｹ繝・[39m)[
33m;[39m
    [90m   | [39m  
                     
        [31m^[39m
    [90m 63| [39m  
      fireEvent[33m.
[39m[34mclick[39m(
openBtn)[33m;[39m
    [90m 64| [39m

[31m[2m竡ｯ竡ｯ竡ｯ竡ｯ竡ｯ竡ｯ
竡ｯ竡ｯ竡ｯ竡ｯ竡ｯ竡ｯ竡ｯ竡ｯ竡ｯ竡ｯ竡
ｯ竡ｯ竡ｯ竡ｯ竡ｯ竡ｯ竡ｯ竡ｯ[1/2]竡
ｯ[22m[39m

[41m[1m FAIL [22m
[49m src/features/boa
rd/BoardCanvas.test.t
sx[2m > [22mBoardCa
nvas SADA Test[2m > 
[22m隱ｭ縺ｿ蜿悶ｊ蟆ら畑繝｢繝ｼ繝会
ｼ・ditMode: false・峨〒繧ゅ
そ繝ｫ繧ｯ繝ｪ繝・け縺ｧ繧ｵ繧､繝峨ヰ繝ｼ
縺碁幕縺上％縺ｨ繧堤｢ｺ隱阪☆繧・[31
m[1mAssertionError[
22m: expected 0 to be
 greater than 0[39m
[36m [2m笶ｯ[22m src
/features/board/Board
Canvas.test.tsx:[2m1
06:30[22m[39m
    [90m104| [39m  
      [90m// TimeGri
d蜀・〒 cursor: pointer 
繧呈戟縺｡縲｛nClick 縺瑚ｨｭ螳壹＆
繧後※縺・ｋ隕∫ｴ繧呈爾縺・[39m
    [90m105| [39m  
      const cells = c
ontainer.querySelecto
rAll('div[style*="cur
sor: 窶ｦ
    [90m106| [39m  
      [34mexpect[39
m(cells[33m.[39mlen
gth)[33m.[39m[34mt
oBeGreaterThan[39m(
[34m0[39m)[33m;[39
m
    [90m   | [39m  
                     
      [31m^[39m
    [90m107| [39m
    [90m108| [39m  
      [90m// 繧ｯ繝ｪ繝・け
繧､繝吶Φ繝医ｒ逋ｺ轣ｫ[39m

[31m[2m竡ｯ竡ｯ竡ｯ竡ｯ竡ｯ竡ｯ
竡ｯ竡ｯ竡ｯ竡ｯ竡ｯ竡ｯ竡ｯ竡ｯ竡ｯ竡ｯ竡
ｯ竡ｯ竡ｯ竡ｯ竡ｯ竡ｯ竡ｯ竡ｯ[2/2]竡
ｯ[22m[39m

